// Jest Snapshot v1, https://goo.gl/fbAQLP

exports[`<Header /> renders the basic <Header /> 1`] = `&lt;Header /&gt;`;
